┌─[✗]─[root@parrot]─[/tmp]
└──╼ #ssh bandit21@bandit.labs.overthewire.org -p 2220

bandit21@bandit:~$ cron
-bash: cron: command not found
bandit21@bandit:~$ cd /etc/cron.d/
bandit21@bandit:/etc/cron.d$ ls
atop  cronjob_bandit22  cronjob_bandit23  cronjob_bandit24
bandit21@bandit:/etc/cron.d$ cat cronjob_bandit22
@reboot bandit22 /usr/bin/cronjob_bandit22.sh &> /dev/null
* * * * * bandit22 /usr/bin/cronjob_bandit22.sh &> /dev/null
bandit21@bandit:/etc/cron.d$ cat /usr/bin/cronjob_bandit22.sh
#!/bin/bash
chmod 644 /tmp/t7O6lds9S0RqQh9aMcz6ShpAoZKF7fgv
cat /etc/bandit_pass/bandit22 > /tmp/t7O6lds9S0RqQh9aMcz6ShpAoZKF7fgv
bandit21@bandit:/etc/cron.d$ cat /tmp/t7O6lds9S0RqQh9aMcz6ShpAoZKF7fgv
Yk7owGAcWjwMVRwrTesJEwB7WVOiILLI
bandit21@bandit:/etc/cron.d$ 

